[markup.themewagon.com/tryfreya/index.html]
[backblue.gif]
[fade.gif]
[index.html]
[markup.themewagon.com/tryfreya/assets/images/favicons/apple-touch-icon.png]
[markup.themewagon.com/tryfreya/assets/images/favicons/favicon-32x32.png]
[markup.themewagon.com/tryfreya/assets/images/favicons/favicon-16x16.png]
[markup.themewagon.com/tryfreya/assets/images/favicons/favicon.ico]
[markup.themewagon.com/tryfreya/assets/images/favicons/mstile-150x150.png]
[markup.themewagon.com/tryfreya/assets/lib/bootstrap/dist/css/bootstrap.min.css]
[markup.themewagon.com/tryfreya/assets/lib/loaders.css/loaders.min.css]
[markup.themewagon.com/tryfreya/assets/lib/iconsmind/iconsmind.css]
[code.ionicframework.com/ionicons/2.0.1/css/ionicons.min.css]
[markup.themewagon.com/tryfreya/assets/lib/hamburgers/dist/hamburgers.min.css]
[markup.themewagon.com/tryfreya/assets/lib/font-awesome/css/font-awesome.min.css]
[markup.themewagon.com/tryfreya/assets/lib/flexslider/flexslider.css]
[markup.themewagon.com/tryfreya/assets/css/style.css]
[markup.themewagon.com/tryfreya/index-2.html]
[markup.themewagon.com/tryfreya/index--header-slider-classic.html]
[markup.themewagon.com/tryfreya/index--header-static.html]
[markup.themewagon.com/tryfreya/index--header-static-classic.html]
[markup.themewagon.com/tryfreya/index--header-youtube-video.html]
[markup.themewagon.com/tryfreya/index--header-youtube-video-classic.html]
[markup.themewagon.com/tryfreya/index--header-selfhosted-video.html]
[markup.themewagon.com/tryfreya/index--header-selfhosted-video-classic.html]
[markup.themewagon.com/tryfreya/about.html]
[markup.themewagon.com/tryfreya/recognition.html]
[markup.themewagon.com/tryfreya/blank.html]
[markup.themewagon.com/tryfreya/404.html]
[markup.themewagon.com/tryfreya/login.html]
[markup.themewagon.com/tryfreya/registration.html]
[markup.themewagon.com/tryfreya/projects.html]
[markup.themewagon.com/tryfreya/project.html]
[markup.themewagon.com/tryfreya/blog.html]
[markup.themewagon.com/tryfreya/blog-single.html]
[markup.themewagon.com/tryfreya/contact-1.html]
[markup.themewagon.com/tryfreya/contact-2.html]
[markup.themewagon.com/tryfreya/components-buttons.html]
[markup.themewagon.com/tryfreya/components-colors.html]
[markup.themewagon.com/tryfreya/components-googlemap.html]
[markup.themewagon.com/tryfreya/components-grid.html]
[markup.themewagon.com/tryfreya/components-icons.html]
[markup.themewagon.com/tryfreya/components-layouthelpers.html]
[markup.themewagon.com/tryfreya/components-modal-video.html]
[markup.themewagon.com/tryfreya/components-owlcarousal.html]
[markup.themewagon.com/tryfreya/components-slider.html]
[markup.themewagon.com/tryfreya/components-typography.html]
[markup.themewagon.com/tryfreya/assets/images/header_1.jpg]
[markup.themewagon.com/tryfreya/assets/images/header_2.jpg]
[markup.themewagon.com/tryfreya/assets/images/header_3.jpg]
[markup.themewagon.com/tryfreya/assets/images/img_1.jpg]
[markup.themewagon.com/tryfreya/assets/images/img_2.jpg]
[markup.themewagon.com/tryfreya/assets/images/img_3.jpg]
[markup.themewagon.com/tryfreya/assets/images/banner_1.jpg]
[markup.themewagon.com/tryfreya/assets/images/img_4.jpg]
[markup.themewagon.com/tryfreya/assets/images/img_5.jpg]
[markup.themewagon.com/tryfreya/assets/images/img_6.jpg]
[markup.themewagon.com/tryfreya/assets/images/banner_2.jpg]
[markup.themewagon.com/tryfreya/assets/images/img_7.jpg]
[markup.themewagon.com/tryfreya/assets/images/img_8.jpg]
[markup.themewagon.com/tryfreya/assets/images/img_9.jpg]
[markup.themewagon.com/tryfreya/assets/images/banner_3.jpg]
[markup.themewagon.com/tryfreya/assets/images/img_10.jpg]
[markup.themewagon.com/tryfreya/assets/images/img_11.jpg]
[markup.themewagon.com/tryfreya/assets/images/img_13.jpg]
[markup.themewagon.com/tryfreya/assets/images/img_12.jpg]
[markup.themewagon.com/tryfreya/assets/images/banner_4.jpg]
[markup.themewagon.com/tryfreya/assets/images/img_14.jpg]
[markup.themewagon.com/tryfreya/assets/images/img_16.jpg]
[markup.themewagon.com/tryfreya/assets/images/img_17.jpg]
[markup.themewagon.com/tryfreya/assets/images/img_15.jpg]
[cdnjs.cloudflare.com/ajax/libs/modernizr/2.8.3/modernizr.min.js]
[markup.themewagon.com/tryfreya/assets/lib/jquery/dist/jquery.min.js]
[markup.themewagon.com/tryfreya/assets/lib/bootstrap/dist/js/bootstrap.min.js]
[markup.themewagon.com/tryfreya/assets/lib/imagesloaded/imagesloaded.pkgd.min.js]
[markup.themewagon.com/tryfreya/assets/lib/jquery-menu-aim/jquery.menu-aim.js]
[cdnjs.cloudflare.com/ajax/libs/popper.js/1.11.0/umd/popper.min.js]
[markup.themewagon.com/tryfreya/assets/lib/gsap/src/minified/plugins/ScrollToPlugin.min.js]
[markup.themewagon.com/tryfreya/assets/lib/CustomEase.min.js]
[markup.themewagon.com/tryfreya/assets/js/config.js]
[markup.themewagon.com/tryfreya/assets/lib/gsap/src/minified/TweenMax.min.js]
[markup.themewagon.com/tryfreya/assets/lib/rellax/rellax.min.js]
[markup.themewagon.com/tryfreya/assets/js/zanimation.js]
[markup.themewagon.com/tryfreya/assets/js/inertia.js]
[markup.themewagon.com/tryfreya/assets/lib/flexslider/jquery.flexslider-min.js]
[markup.themewagon.com/tryfreya/assets/js/core.js]
[markup.themewagon.com/tryfreya/index.html]
[markup.themewagon.com/tryfreya/assets/images/favicons/manifest.html]
[markup.themewagon.com/tryfreya/assets/js/main.js]
[fonts.googleapis.com/cssb628.css]
[markup.themewagon.com/tryfreya/index-2.html]
[markup.themewagon.com/tryfreya/index--header-slider-classic.html]
[markup.themewagon.com/tryfreya/index--header-static.html]
[markup.themewagon.com/tryfreya/index--header-static-classic.html]
[markup.themewagon.com/tryfreya/assets/lib/jquery.mb.ytplayer/dist/css/jquery.mb.YTPlayer.min.css]
[img.youtube.com/vi/ajKlIAVuBJc/maxresdefault.jpg]
[markup.themewagon.com/tryfreya/index--header-youtube-video.html]
[markup.themewagon.com/tryfreya/index--header-youtube-video-classic.html]
[markup.themewagon.com/tryfreya/assets/images/video.jpg]
[markup.themewagon.com/tryfreya/assets/lib/jquery.mb.ytplayer/dist/jquery.mb.YTPlayer.min.js]
[markup.themewagon.com/tryfreya/assets/videos/video.webm]
[markup.themewagon.com/tryfreya/assets/videos/video.mp4]
[markup.themewagon.com/tryfreya/assets/videos/video.ogv]
[markup.themewagon.com/tryfreya/index--header-selfhosted-video.html]
[markup.themewagon.com/tryfreya/index--header-selfhosted-video-classic.html]
[markup.themewagon.com/tryfreya/assets/images/about_header.jpg]
[markup.themewagon.com/tryfreya/assets/images/about_team.jpg]
[markup.themewagon.com/tryfreya/assets/images/portrait-1.jpg]
[markup.themewagon.com/tryfreya/assets/images/portrait-2.jpg]
[markup.themewagon.com/tryfreya/assets/images/portrait-3.jpg]
[markup.themewagon.com/tryfreya/assets/images/about_careers.jpg]
[markup.themewagon.com/tryfreya/about.html]
[markup.themewagon.com/tryfreya/assets/images/recognition_header.jpg]
[markup.themewagon.com/tryfreya/assets/images/logo/ad.png]
[markup.themewagon.com/tryfreya/assets/images/logo/american_express.gif]
[markup.themewagon.com/tryfreya/assets/images/logo/departures.png]
[markup.themewagon.com/tryfreya/assets/images/logo/goldlist.jpg]
[markup.themewagon.com/tryfreya/assets/images/logo/interiordesign.png]
[markup.themewagon.com/tryfreya/assets/images/logo/luxe.jpg]
[markup.themewagon.com/tryfreya/assets/images/logo/robb_report.jpg]
[markup.themewagon.com/tryfreya/assets/images/logo/wsj.jpg]
[markup.themewagon.com/tryfreya/recognition.html]
[markup.themewagon.com/tryfreya/blank.html]
[markup.themewagon.com/tryfreya/assets/images/404.jpg]
[markup.themewagon.com/tryfreya/404.html]
[markup.themewagon.com/tryfreya/assets/images/login.jpg]
[markup.themewagon.com/tryfreya/login.html]
[markup.themewagon.com/tryfreya/registration.html]
[markup.themewagon.com/tryfreya/assets/images/projects_header.jpg]
[markup.themewagon.com/tryfreya/assets/images/contacts_header.jpg]
[markup.themewagon.com/tryfreya/projects.html]
[markup.themewagon.com/tryfreya/project.html]
[markup.themewagon.com/tryfreya/assets/images/blog_header.jpg]
[markup.themewagon.com/tryfreya/assets/images/blog_01.jpg]
[markup.themewagon.com/tryfreya/assets/images/blog_02.jpg]
[markup.themewagon.com/tryfreya/assets/images/blog_03.jpg]
[markup.themewagon.com/tryfreya/assets/images/blog_04.jpg]
[markup.themewagon.com/tryfreya/assets/images/blog_05.jpg]
[markup.themewagon.com/tryfreya/blog.html]
[markup.themewagon.com/tryfreya/assets/images/portrait-8.jpg]
[markup.themewagon.com/tryfreya/assets/images/square-1.jpg]
[markup.themewagon.com/tryfreya/assets/images/square-2.jpg]
[markup.themewagon.com/tryfreya/blog-single.html]
[markup.themewagon.com/tryfreya/assets/js/googlemap.js]
[markup.themewagon.com/tryfreya/contact-1.html]
[markup.themewagon.com/tryfreya/contact-2.html]
[markup.themewagon.com/tryfreya/assets/lib/prism/prism.css]
[markup.themewagon.com/tryfreya/assets/images/elements_header.jpg]
[markup.themewagon.com/tryfreya/assets/lib/prism/prism.js]
[markup.themewagon.com/tryfreya/components-buttons.html]
[markup.themewagon.com/tryfreya/components-colors.html]
[markup.themewagon.com/tryfreya/components-googlemap.html]
[markup.themewagon.com/tryfreya/components-grid.html]
[markup.themewagon.com/tryfreya/components-icons.html]
[markup.themewagon.com/tryfreya/components-layouthelpers.html]
[markup.themewagon.com/tryfreya/assets/lib/remodal/dist/remodal.css]
[markup.themewagon.com/tryfreya/assets/lib/remodal/dist/remodal-default-theme.css]
[markup.themewagon.com/tryfreya/assets/lib/remodal/dist/remodal.js]
[markup.themewagon.com/tryfreya/components-modal-video.html]
[markup.themewagon.com/tryfreya/assets/lib/owl.carousel/dist/assets/owl.carousel.min.css]
[markup.themewagon.com/tryfreya/assets/lib/owl.carousel/dist/assets/owl.theme.default.min.css]
[markup.themewagon.com/tryfreya/assets/lib/owl.carousel/dist/owl.carousel.min.js]
[markup.themewagon.com/tryfreya/components-owlcarousal.html]
[markup.themewagon.com/tryfreya/components-slider.html]
[markup.themewagon.com/tryfreya/components-typography.html]
[markup.themewagon.com/tryfreya/assets/images/favicons/safari-pinned-tab.svg]
[markup.themewagon.com/tryfreya/assets/lib/bootstrap/dist/css/bootstrap.min.css]
[cdnjs.cloudflare.com/ajax/libs/modernizr/2.8.3/modernizr.min.js]
[markup.themewagon.com/tryfreya/assets/lib/loaders.css/loaders.min.css]
[cdnjs.cloudflare.com/ajax/libs/popper.js/1.11.0/umd/popper.min.js]
[markup.themewagon.com/tryfreya/assets/lib/iconsmind/iconsmindd41d.eot]
[markup.themewagon.com/tryfreya/assets/lib/iconsmind/iconsmind.woff]
[markup.themewagon.com/tryfreya/assets/lib/iconsmind/iconsmind.css]
[code.ionicframework.com/ionicons/2.0.1/fonts/ionicons790f.svg]
[code.ionicframework.com/ionicons/2.0.1/css/ionicons.min.css]
[markup.themewagon.com/tryfreya/assets/lib/hamburgers/dist/hamburgers.min.css]
[markup.themewagon.com/tryfreya/assets/lib/font-awesome/fonts/fontawesome-webfont3e6e.eot]
[markup.themewagon.com/tryfreya/assets/lib/font-awesome/fonts/fontawesome-webfontd41d.eot]
[markup.themewagon.com/tryfreya/assets/lib/font-awesome/fonts/fontawesome-webfont3e6e.woff]
[markup.themewagon.com/tryfreya/assets/lib/font-awesome/css/font-awesome.min.css]
[markup.themewagon.com/tryfreya/assets/lib/flexslider/flexslider.css]
[markup.themewagon.com/tryfreya/assets/fonts/FuturaPT-Light.eot]
[markup.themewagon.com/tryfreya/assets/fonts/FuturaPT-Book.eot]
[markup.themewagon.com/tryfreya/assets/css/style.css]
[markup.themewagon.com/tryfreya/assets/css/custom.css]
[markup.themewagon.com/tryfreya/assets/lib/jquery.mb.ytplayer/dist/css/font/ytp-regular.eot]
[markup.themewagon.com/tryfreya/assets/lib/jquery.mb.ytplayer/dist/css/jquery.mb.YTPlayer.min.css]
[markup.themewagon.com/tryfreya/assets/lib/prism/prism.css]
[markup.themewagon.com/tryfreya/assets/images/icon-play.svg]
[markup.themewagon.com/tryfreya/assets/images/icon-play-o.svg]
[markup.themewagon.com/tryfreya/assets/lib/remodal/dist/remodal.css]
[markup.themewagon.com/tryfreya/assets/lib/remodal/dist/remodal-default-theme.css]
[markup.themewagon.com/tryfreya/assets/lib/owl.carousel/dist/assets/owl.video.play.png]
[markup.themewagon.com/tryfreya/assets/lib/owl.carousel/dist/assets/owl.carousel.min.css]
[markup.themewagon.com/tryfreya/assets/lib/owl.carousel/dist/assets/owl.theme.default.min.css]
[markup.themewagon.com/tryfreya/assets/fonts/FuturaPT-Lightd41d.eot]
[markup.themewagon.com/tryfreya/assets/fonts/FuturaPT-Bookd41d.eot]
[markup.themewagon.com/tryfreya/assets/videos/video.mp4]
[markup.themewagon.com/tryfreya/assets/lib/iconsmind/iconsmind.html]
[code.ionicframework.com/ionicons/2.0.1/fonts/ionicons790f.svg]
[markup.themewagon.com/tryfreya/assets/lib/font-awesome/fonts/fontawesome-webfont3e6e.html]
[markup.themewagon.com/tryfreya/assets/lib/font-awesome/fonts/fontawesome-webfont3e6e-2.html]
[markup.themewagon.com/tryfreya/assets/lib/font-awesome/fonts/fontawesome-webfont3e6e.svg]
[markup.themewagon.com/tryfreya/assets/lib/flexslider/fonts/flexslider-icon.html]
[markup.themewagon.com/tryfreya/assets/lib/flexslider/fonts/flexslider-icond41d.html]
[markup.themewagon.com/tryfreya/assets/lib/flexslider/fonts/flexslider-icon-2.html]
[markup.themewagon.com/tryfreya/assets/lib/flexslider/fonts/flexslider-icon-3.html]
[markup.themewagon.com/tryfreya/assets/lib/flexslider/fonts/flexslider-icon-4.html]
[markup.themewagon.com/tryfreya/assets/fonts/FuturaPT-Light.html]
[markup.themewagon.com/tryfreya/assets/fonts/FuturaPT-Light-2.html]
[markup.themewagon.com/tryfreya/assets/fonts/FuturaPT-Light.svg]
[markup.themewagon.com/tryfreya/assets/fonts/FuturaPT-Book.html]
[markup.themewagon.com/tryfreya/assets/fonts/FuturaPT-Book-2.html]
[markup.themewagon.com/tryfreya/assets/fonts/FuturaPT-Book.svg]
